[INFO] Scanning for projects...
[INFO] 
[INFO] ---------------------< com.lexora:lexora-backend >----------------------
[INFO] Building lexora-backend 0.0.1-SNAPSHOT
[INFO]   from pom.xml
[INFO] --------------------------------[ jar ]---------------------------------
[INFO] 
[INFO] --- clean:3.3.2:clean (default-clean) @ lexora-backend ---
[INFO] Deleting C:\Users\HP\Desktop\CODING\9-projects\lexora-platform\backend\lexora-backend\target
[INFO] 
[INFO] --- resources:3.3.1:resources (default-resources) @ lexora-backend ---
[INFO] Copying 1 resource from src\main\resources to target\classes
[INFO] Copying 1 resource from src\main\resources to target\classes
[INFO] 
[INFO] --- compiler:3.11.0:compile (default-compile) @ lexora-backend ---
[INFO] Changes detected - recompiling the module! :source
[INFO] Compiling 135 source files with javac [debug release 17] to target\classes
.\mvnw.cmd : WARNING: A terminally deprecated method in sun.misc.Unsafe has been called
At line:1 char:1
+ .\mvnw.cmd -f backend\lexora-backend\pom.xml clean compile -DskipTest ...
+ ~~~~~~~~~~~~~~~~~~~~~~~~~~~~~~~~~~~~~~~~~~~~~~~~~~~~~~~~~~~~~~~~~~~~~
    + CategoryInfo          : NotSpecified: (WARNING: A term...has been called:String) [], RemoteException
    + FullyQualifiedErrorId : NativeCommandError
 
WARNING: sun.misc.Unsafe::objectFieldOffset has been called by lombok.permit.Permit
WARNING: Please consider reporting this to the maintainers of class lombok.permit.Permit
WARNING: sun.misc.Unsafe::objectFieldOffset will be removed in a future release
[INFO] -------------------------------------------------------------
[WARNING] COMPILATION WARNING : 
[INFO] -------------------------------------------------------------
[WARNING] /C:/Users/HP/Desktop/CODING/9-projects/lexora-platform/backend/lexora-backend/src/main/java/com/lexora/lexora_backend/publication/entity/Publication.java:[27,18] @Builder will ignore the initializing expression entirely. If you want the initializing expression to serve as default, add @Builder.Default. If it is not supposed to be settable during building, make the field final.
[WARNING] /C:/Users/HP/Desktop/CODING/9-projects/lexora-platform/backend/lexora-backend/src/main/java/com/lexora/lexora_backend/events/model/CommentCreatedEvent.java:[8,1] Generating equals/hashCode implementation but without a call to superclass, even though this class does not extend java.lang.Object. If this is intentional, add '@EqualsAndHashCode(callSuper=false)' to your type.
[INFO] 2 warnings 
[INFO] -------------------------------------------------------------
[INFO] -------------------------------------------------------------
[ERROR] COMPILATION ERROR : 
[INFO] -------------------------------------------------------------
[ERROR] constructor PublicationController(com.lexora.lexora_backend.publication.service.PublicationService) is already defined in class com.lexora.lexora_backend.publication.controller.PublicationController
[ERROR] /C:/Users/HP/Desktop/CODING/9-projects/lexora-platform/backend/lexora-backend/src/main/java/com/lexora/lexora_backend/publication/controller/PublicationController.java:[20,1] constructor PublicationController(com.lexora.lexora_backend.publication.service.PublicationService) is already defined in class com.lexora.lexora_backend.publication.controller.PublicationController
[INFO] 2 errors 
[INFO] -------------------------------------------------------------
[INFO] ------------------------------------------------------------------------
[INFO] BUILD FAILURE
[INFO] ------------------------------------------------------------------------
[INFO] Total time:  12.664 s
[INFO] Finished at: 2026-04-05T17:54:50+05:30
[INFO] ------------------------------------------------------------------------
[ERROR] Failed to execute goal org.apache.maven.plugins:maven-compiler-plugin:3.11.0:compile (default-compile) on project lexora-backend: Compilation failure: Compilation failure: 
[ERROR] constructor PublicationController(com.lexora.lexora_backend.publication.service.PublicationService) is already defined in class com.lexora.lexora_backend.publication.controller.PublicationController
[ERROR] /C:/Users/HP/Desktop/CODING/9-projects/lexora-platform/backend/lexora-backend/src/main/java/com/lexora/lexora_backend/publication/controller/PublicationController.java:[20,1] constructor PublicationController(com.lexora.lexora_backend.publication.service.PublicationService) is already defined in class com.lexora.lexora_backend.publication.controller.PublicationController
[ERROR] -> [Help 1]
[ERROR] 
[ERROR] To see the full stack trace of the errors, re-run Maven with the -e switch.
[ERROR] Re-run Maven using the -X switch to enable full debug logging.
[ERROR] 
[ERROR] For more information about the errors and possible solutions, please read the following articles:
[ERROR] [Help 1] http://cwiki.apache.org/confluence/display/MAVEN/MojoFailureException
